// Jest Snapshot v1, https://goo.gl/fbAQLP

exports[`ErrorMessage matches snapshot 1`] = `
<div
  class="min-h-screen bg-gray-50 p-6"
>
  <div
    class="max-w-6xl mx-auto"
  >
    <div
      class="rounded-lg border bg-card text-card-foreground shadow-sm"
    >
      <div
        class="flex flex-col space-y-1.5 p-6"
      >
        <h3
          class="text-2xl font-semibold leading-none tracking-tight flex items-center gap-2 text-red-600"
        >
          <svg
            class="lucide lucide-circle-alert h-5 w-5"
            fill="none"
            height="24"
            stroke="currentColor"
            stroke-linecap="round"
            stroke-linejoin="round"
            stroke-width="2"
            viewBox="0 0 24 24"
            width="24"
            xmlns="http://www.w3.org/2000/svg"
          >
            <circle
              cx="12"
              cy="12"
              r="10"
            />
            <line
              x1="12"
              x2="12"
              y1="8"
              y2="12"
            />
            <line
              x1="12"
              x2="12.01"
              y1="16"
              y2="16"
            />
          </svg>
          Error
        </h3>
      </div>
      <div
        class="p-6 pt-0"
      >
        <p
          class="text-gray-700"
        >
          Test error message
        </p>
      </div>
    </div>
  </div>
</div>
`;
