// Jest Snapshot v1, https://goo.gl/fbAQLP

exports[`LoadingSkeleton matches snapshot 1`] = `
<div
  class="min-h-screen bg-gray-50 p-6"
>
  <div
    class="max-w-6xl mx-auto"
  >
    <div
      class="flex items-center gap-4 mb-8"
    >
      <div
        class="h-10 w-20 bg-gray-200 rounded animate-pulse"
      />
      <div
        class="space-y-2"
      >
        <div
          class="h-8 w-64 bg-gray-200 rounded animate-pulse"
        />
        <div
          class="h-4 w-32 bg-gray-200 rounded animate-pulse"
        />
      </div>
    </div>
    <div
      class="grid grid-cols-1 lg:grid-cols-2 gap-6"
    >
      <div
        class="space-y-6"
      >
        <div
          class="rounded-lg border bg-card text-card-foreground shadow-sm"
        >
          <div
            class="flex flex-col space-y-1.5 p-6"
          >
            <div
              class="h-6 w-32 bg-gray-200 rounded animate-pulse"
            />
          </div>
          <div
            class="p-6 pt-0 space-y-4"
          >
            <div
              class="h-4 w-full bg-gray-200 rounded animate-pulse"
            />
            <div
              class="h-4 w-3/4 bg-gray-200 rounded animate-pulse"
            />
            <div
              class="h-4 w-1/2 bg-gray-200 rounded animate-pulse"
            />
          </div>
        </div>
        <div
          class="rounded-lg border bg-card text-card-foreground shadow-sm"
        >
          <div
            class="flex flex-col space-y-1.5 p-6"
          >
            <div
              class="h-6 w-40 bg-gray-200 rounded animate-pulse"
            />
          </div>
          <div
            class="p-6 pt-0 space-y-4"
          >
            <div
              class="h-4 w-full bg-gray-200 rounded animate-pulse"
            />
            <div
              class="h-4 w-2/3 bg-gray-200 rounded animate-pulse"
            />
          </div>
        </div>
        <div
          class="rounded-lg border bg-card text-card-foreground shadow-sm"
        >
          <div
            class="flex flex-col space-y-1.5 p-6"
          >
            <div
              class="h-6 w-36 bg-gray-200 rounded animate-pulse"
            />
          </div>
          <div
            class="p-6 pt-0"
          >
            <div
              class="grid grid-cols-2 gap-4"
            >
              <div
                class="h-20 bg-gray-200 rounded animate-pulse"
              />
              <div
                class="h-20 bg-gray-200 rounded animate-pulse"
              />
            </div>
          </div>
        </div>
      </div>
      <div
        class="space-y-6"
      >
        <div
          class="rounded-lg border bg-card text-card-foreground shadow-sm"
        >
          <div
            class="flex flex-col space-y-1.5 p-6"
          >
            <div
              class="h-6 w-32 bg-gray-200 rounded animate-pulse"
            />
          </div>
          <div
            class="p-6 pt-0"
          >
            <div
              class="h-64 bg-gray-200 rounded animate-pulse"
            />
          </div>
        </div>
      </div>
    </div>
  </div>
</div>
`;
