// Jest Snapshot v1, https://goo.gl/fbAQLP

exports[`NotFoundMessage matches snapshot 1`] = `
<div
  class="min-h-screen bg-gray-50 p-6"
>
  <div
    class="max-w-6xl mx-auto"
  >
    <div
      class="rounded-lg border bg-card text-card-foreground shadow-sm"
    >
      <div
        class="flex flex-col space-y-1.5 p-6"
      >
        <h3
          class="text-2xl font-semibold leading-none tracking-tight flex items-center gap-2 text-gray-600"
        >
          <svg
            class="lucide lucide-search h-5 w-5"
            fill="none"
            height="24"
            stroke="currentColor"
            stroke-linecap="round"
            stroke-linejoin="round"
            stroke-width="2"
            viewBox="0 0 24 24"
            width="24"
            xmlns="http://www.w3.org/2000/svg"
          >
            <circle
              cx="11"
              cy="11"
              r="8"
            />
            <path
              d="m21 21-4.3-4.3"
            />
          </svg>
          Room Not Found
        </h3>
      </div>
      <div
        class="p-6 pt-0"
      >
        <p
          class="text-gray-700"
        >
          The room you're looking for could not be found.
        </p>
      </div>
    </div>
  </div>
</div>
`;
